
> grid@1.106.0 compile
> node --max-old-space-size=12288 ./node_modules/gulp/bin/gulp.js compile

[08:41:02] Using gulpfile E:\Projects\GRID\gulpfile.js
[08:41:02] Starting 'compile'...
[[90m08:41:02[39m] Starting [36mmonaco-typecheck[39m ...
[[90m08:41:02[39m] Starting [36mclean-out[39m ...
[[90m08:41:02[39m] Starting [36mclean-extension-configuration-editing[39m ...
[[90m08:41:02[39m] Starting [36mclean-extension-css-language-features-client[39m ...
[[90m08:41:02[39m] Starting [36mclean-extension-css-language-features-server[39m ...
[[90m08:41:02[39m] Starting [36mclean-extension-debug-auto-launch[39m ...
[[90m08:41:02[39m] Starting [36mclean-extension-debug-server-ready[39m ...
[[90m08:41:02[39m] Starting [36mclean-extension-emmet[39m ...
[[90m08:41:02[39m] Starting [36mclean-extension-extension-editing[39m ...
[[90m08:41:02[39m] Starting [36mclean-extension-git[39m ...
[[90m08:41:02[39m] Starting [36mclean-extension-git-base[39m ...
[[90m08:41:02[39m] Starting [36mclean-extension-github[39m ...
[[90m08:41:02[39m] Starting [36mclean-extension-github-authentication[39m ...
[[90m08:41:02[39m] Starting [36mclean-extension-grunt[39m ...
[[90m08:41:02[39m] Starting [36mclean-extension-gulp[39m ...
[[90m08:41:02[39m] Starting [36mclean-extension-html-language-features-client[39m ...
[[90m08:41:02[39m] Starting [36mclean-extension-html-language-features-server[39m ...
[[90m08:41:02[39m] Starting [36mclean-extension-ipynb[39m ...
[[90m08:41:02[39m] Starting [36mclean-extension-jake[39m ...
[[90m08:41:02[39m] Starting [36mclean-extension-json-language-features-client[39m ...
[[90m08:41:02[39m] Starting [36mclean-extension-json-language-features-server[39m ...
[[90m08:41:02[39m] Starting [36mclean-extension-markdown-language-features[39m ...
[[90m08:41:02[39m] Starting [36mclean-extension-markdown-math[39m ...
[[90m08:41:02[39m] Starting [36mclean-extension-media-preview[39m ...
[[90m08:41:02[39m] Starting [36mclean-extension-merge-conflict[39m ...
[[90m08:41:02[39m] Starting [36mclean-extension-mermaid-chat-features[39m ...
[[90m08:41:02[39m] Starting [36mclean-extension-terminal-suggest[39m ...
[[90m08:41:02[39m] Starting [36mclean-extension-microsoft-authentication[39m ...
[[90m08:41:02[39m] Starting [36mclean-extension-notebook-renderers[39m ...
[[90m08:41:02[39m] Starting [36mclean-extension-npm[39m ...
[[90m08:41:02[39m] Starting [36mclean-extension-open-remote-ssh[39m ...
[[90m08:41:02[39m] Starting [36mclean-extension-php-language-features[39m ...
[[90m08:41:02[39m] Starting [36mclean-extension-references-view[39m ...
[[90m08:41:02[39m] Starting [36mclean-extension-search-result[39m ...
[[90m08:41:02[39m] Starting [36mclean-extension-simple-browser[39m ...
[[90m08:41:02[39m] Starting [36mclean-extension-tunnel-forwarding[39m ...
[[90m08:41:02[39m] Starting [36mclean-extension-typescript-language-features-web[39m ...
[[90m08:41:02[39m] Starting [36mclean-extension-typescript-language-features[39m ...
[[90m08:41:02[39m] Starting [36mclean-extension-vscode-api-tests[39m ...
[[90m08:41:02[39m] Starting [36mclean-extension-vscode-colorize-tests[39m ...
[[90m08:41:02[39m] Starting [36mclean-extension-vscode-colorize-perf-tests[39m ...
[[90m08:41:02[39m] Starting [36mclean-extension-vscode-test-resolver[39m ...
[[90m08:41:02[39m] Starting [36mclean-extension-vscode-selfhost-test-provider[39m ...
[[90m08:41:02[39m] Starting [36mclean-extension-vscode-selfhost-import-aid[39m ...
[[90m08:41:02[39m] Starting [36mclean-extension-grid-enterprise[39m ...
[[90m08:41:02[39m] Starting [36mcompile-extension-media[39m ...
[[90m08:41:02[39m] Finished [36mmonaco-typecheck[39m after [35m103 ms[39m
[[90m08:41:02[39m] Finished [32mesbuilding extension media[39m E:\Projects\GRID\extensions\ipynb\esbuild.mjs with 0 errors.
[[90m08:41:02[39m] Finished [32mesbuilding extension media[39m E:\Projects\GRID\extensions\markdown-language-features\esbuild-preview.mjs with 0 errors.
[[90m08:41:02[39m] Finished [32mesbuilding extension media[39m E:\Projects\GRID\extensions\notebook-renderers\esbuild.mjs with 0 errors.
[[90m08:41:03[39m] Finished [32mesbuilding extension media[39m E:\Projects\GRID\extensions\markdown-language-features\esbuild-notebook.mjs with 0 errors.
[[90m08:41:03[39m] Finished [32mesbuilding extension media[39m E:\Projects\GRID\extensions\simple-browser\esbuild-preview.mjs with 0 errors.
[[90m08:41:03[39m] Finished [36mclean-extension-debug-auto-launch[39m after [35m325 ms[39m
[[90m08:41:03[39m] Starting [36mcompile-extension:debug-auto-launch[39m ...
[[90m08:41:03[39m] Starting [32mcompilation[39m[34m extensions[39m...
[[90m08:41:03[39m] Finished [36mclean-extension-debug-server-ready[39m after [35m404 ms[39m
[[90m08:41:03[39m] Starting [36mcompile-extension:debug-server-ready[39m ...
[[90m08:41:03[39m] Finished [36mclean-extension-extension-editing[39m after [35m432 ms[39m
[[90m08:41:03[39m] Starting [36mcompile-extension:extension-editing[39m ...
[[90m08:41:03[39m] Finished [36mclean-extension-gulp[39m after [35m459 ms[39m
[[90m08:41:03[39m] Starting [36mcompile-extension:gulp[39m ...
[[90m08:41:03[39m] Finished [36mclean-extension-grunt[39m after [35m480 ms[39m
[[90m08:41:03[39m] Starting [36mcompile-extension:grunt[39m ...
[[90m08:41:03[39m] Finished [36mclean-extension-jake[39m after [35m497 ms[39m
[[90m08:41:03[39m] Starting [36mcompile-extension:jake[39m ...
[[90m08:41:03[39m] Finished [36mclean-extension-markdown-math[39m after [35m525 ms[39m
[[90m08:41:03[39m] Starting [36mcompile-extension:markdown-math[39m ...
[[90m08:41:03[39m] Finished [36mclean-extension-mermaid-chat-features[39m after [35m541 ms[39m
[[90m08:41:03[39m] Starting [36mcompile-extension:mermaid-chat-features[39m ...
[[90m08:41:03[39m] Finished [36mclean-extension-merge-conflict[39m after [35m571 ms[39m
[[90m08:41:03[39m] Starting [36mcompile-extension:merge-conflict[39m ...
[[90m08:41:03[39m] Finished [36mclean-extension-open-remote-ssh[39m after [35m601 ms[39m
[[90m08:41:03[39m] Starting [36mcompile-extension:open-remote-ssh[39m ...
[[90m08:41:03[39m] Finished [36mclean-extension-simple-browser[39m after [35m618 ms[39m
[[90m08:41:03[39m] Starting [36mcompile-extension:simple-browser[39m ...
[[90m08:41:03[39m] Finished [36mclean-extension-tunnel-forwarding[39m after [35m637 ms[39m
[[90m08:41:03[39m] Starting [36mcompile-extension:tunnel-forwarding[39m ...
[[90m08:41:03[39m] Finished [36mclean-extension-vscode-selfhost-test-provider[39m after [35m670 ms[39m
[[90m08:41:03[39m] Starting [36mcompile-extension:vscode-selfhost-test-provider[39m ...
[[90m08:41:03[39m] Finished [36mclean-extension-vscode-colorize-tests[39m after [35m704 ms[39m
[[90m08:41:03[39m] Starting [36mcompile-extension:vscode-colorize-tests[39m ...
[[90m08:41:03[39m] Finished [36mclean-extension-vscode-selfhost-import-aid[39m after [35m723 ms[39m
[[90m08:41:03[39m] Starting [36mcompile-extension:vscode-selfhost-import-aid[39m ...
[[90m08:41:03[39m] Finished [36mclean-extension-vscode-colorize-perf-tests[39m after [35m736 ms[39m
[[90m08:41:03[39m] Starting [36mcompile-extension:vscode-colorize-perf-tests[39m ...
[[90m08:41:03[39m] Finished [36mclean-extension-grid-enterprise[39m after [35m757 ms[39m
[[90m08:41:03[39m] Starting [36mcompile-extension:grid-enterprise[39m ...
[[90m08:41:03[39m] Finished [32mesbuilding extension media[39m E:\Projects\GRID\extensions\markdown-math\esbuild.mjs with 0 errors.
[[90m08:41:03[39m] Finished [36mclean-extension-configuration-editing[39m after [35m1010 ms[39m
[[90m08:41:03[39m] Starting [36mcompile-extension:configuration-editing[39m ...
[[90m08:41:03[39m] Finished [36mclean-extension-emmet[39m after [35m1038 ms[39m
[[90m08:41:03[39m] Starting [36mcompile-extension:emmet[39m ...
[[90m08:41:03[39m] Finished [36mclean-extension-css-language-features-client[39m after [35m1093 ms[39m
[[90m08:41:03[39m] Starting [36mcompile-extension:css-language-features-client[39m ...
[[90m08:41:03[39m] Finished [36mclean-extension-css-language-features-server[39m after [35m1113 ms[39m
[[90m08:41:03[39m] Starting [36mcompile-extension:css-language-features-server[39m ...
[[90m08:41:03[39m] Finished [36mclean-extension-github[39m after [35m1129 ms[39m
[[90m08:41:03[39m] Starting [36mcompile-extension:github[39m ...
[[90m08:41:03[39m] Finished [36mclean-extension-git-base[39m after [35m1162 ms[39m
[[90m08:41:03[39m] Starting [36mcompile-extension:git-base[39m ...
[[90m08:41:03[39m] Finished [36mclean-extension-ipynb[39m after [35m1185 ms[39m
[[90m08:41:03[39m] Starting [36mcompile-extension:ipynb[39m ...
[[90m08:41:03[39m] Finished [36mclean-extension-json-language-features-client[39m after [35m1212 ms[39m
[[90m08:41:03[39m] Starting [36mcompile-extension:json-language-features-client[39m ...
[[90m08:41:03[39m] Finished [36mclean-extension-git[39m after [35m1232 ms[39m
[[90m08:41:03[39m] Starting [36mcompile-extension:git[39m ...
[[90m08:41:04[39m] Finished [36mclean-extension-html-language-features-client[39m after [35m1298 ms[39m
[[90m08:41:04[39m] Starting [36mcompile-extension:html-language-features-client[39m ...
[[90m08:41:04[39m] Finished [36mclean-extension-json-language-features-server[39m after [35m1313 ms[39m
[[90m08:41:04[39m] Starting [36mcompile-extension:json-language-features-server[39m ...
[[90m08:41:04[39m] Finished [36mclean-extension-media-preview[39m after [35m1325 ms[39m
[[90m08:41:04[39m] Starting [36mcompile-extension:media-preview[39m ...
[[90m08:41:04[39m] Finished [36mclean-extension-notebook-renderers[39m after [35m1347 ms[39m
[[90m08:41:04[39m] Starting [36mcompile-extension:notebook-renderers[39m ...
[[90m08:41:04[39m] Finished [36mclean-extension-npm[39m after [35m1375 ms[39m
[[90m08:41:04[39m] Starting [36mcompile-extension:npm[39m ...
[[90m08:41:04[39m] Finished [36mclean-extension-vscode-api-tests[39m after [35m1413 ms[39m
[[90m08:41:04[39m] Starting [36mcompile-extension:vscode-api-tests[39m ...
[[90m08:41:04[39m] Finished [36mclean-extension-typescript-language-features-web[39m after [35m1567 ms[39m
[[90m08:41:04[39m] Starting [36mcompile-extension:typescript-language-features-web[39m ...
[[90m08:41:04[39m] Finished [36mclean-extension-vscode-test-resolver[39m after [35m1586 ms[39m
[[90m08:41:04[39m] Starting [36mcompile-extension:vscode-test-resolver[39m ...
[[90m08:41:04[39m] Finished [36mclean-extension-search-result[39m after [35m1609 ms[39m
[[90m08:41:04[39m] Starting [36mcompile-extension:search-result[39m ...
[[90m08:41:04[39m] Finished [36mclean-extension-references-view[39m after [35m1630 ms[39m
[[90m08:41:04[39m] Starting [36mcompile-extension:references-view[39m ...
[[90m08:41:04[39m] Finished [32mesbuilding extension media[39m E:\Projects\GRID\extensions\mermaid-chat-features\esbuild-chat-webview.mjs with 0 errors.
[[90m08:41:04[39m] Finished [36mcompile-extension-media[39m after [35m1658 ms[39m
[[90m08:41:11[39m] Finished [36mclean-extension-github-authentication[39m after [35m8320 ms[39m
[[90m08:41:11[39m] Starting [36mcompile-extension:github-authentication[39m ...
[[90m08:41:11[39m] Finished [36mclean-extension-markdown-language-features[39m after [35m8367 ms[39m
[[90m08:41:11[39m] Starting [36mcompile-extension:markdown-language-features[39m ...
[[90m08:41:11[39m] Finished [36mclean-extension-microsoft-authentication[39m after [35m8500 ms[39m
[[90m08:41:11[39m] Starting [36mcompile-extension:microsoft-authentication[39m ...
[[90m08:41:11[39m] Finished [36mclean-extension-php-language-features[39m after [35m8558 ms[39m
[[90m08:41:11[39m] Starting [36mcompile-extension:php-language-features[39m ...
[[90m08:41:11[39m] Finished [36mclean-extension-typescript-language-features[39m after [35m8585 ms[39m
[[90m08:41:11[39m] Starting [36mcompile-extension:typescript-language-features[39m ...
[[90m08:41:12[39m] Finished [36mclean-extension-terminal-suggest[39m after [35m9752 ms[39m
[[90m08:41:12[39m] Starting [36mcompile-extension:terminal-suggest[39m ...
[[90m08:41:15[39m] Finished [36mcompile-extension:debug-auto-launch[39m after [35m12202 ms[39m
[[90m08:41:15[39m] Finished [36mcompile-extension:debug-server-ready[39m after [35m12123 ms[39m
[[90m08:41:15[39m] Finished [36mcompile-extension:gulp[39m after [35m12067 ms[39m
[[90m08:41:15[39m] Finished [36mcompile-extension:jake[39m after [35m12027 ms[39m
[[90m08:41:15[39m] Finished [36mcompile-extension:grunt[39m after [35m12047 ms[39m
[[90m08:41:15[39m] Finished [36mcompile-extension:markdown-math[39m after [35m12000 ms[39m
[[90m08:41:15[39m] Finished [36mclean-extension-html-language-features-server[39m after [35m12528 ms[39m
[[90m08:41:15[39m] Starting [36mcompile-extension:html-language-features-server[39m ...
[[90m08:41:15[39m] Finished [36mcompile-extension:grid-enterprise[39m after [35m12035 ms[39m
[[90m08:41:15[39m] Finished [36mcompile-extension:open-remote-ssh[39m after [35m12192 ms[39m
[[90m08:41:15[39m] Finished [36mcompile-extension:vscode-selfhost-import-aid[39m after [35m12070 ms[39m
[[90m08:41:18[39m] Finished [36mcompile-extension:mermaid-chat-features[39m after [35m15238 ms[39m
[[90m08:41:20[39m] Finished [36mcompile-extension:search-result[39m after [35m15853 ms[39m
[[90m08:41:21[39m] Finished [36mcompile-extension:tunnel-forwarding[39m after [35m17675 ms[39m
[[90m08:41:21[39m] Finished [36mcompile-extension:vscode-colorize-tests[39m after [35m17608 ms[39m
[[90m08:41:21[39m] Finished [36mclean-out[39m after [35m18323 ms[39m
[[90m08:41:21[39m] Starting [36mcompile-api-proposal-names[39m ...
[[90m08:41:21[39m] Starting [32mcompilation[39m[34m api-proposal-names[39m...
[[90m08:41:21[39m] Finished [36mcompile-extension:vscode-colorize-perf-tests[39m after [35m17579 ms[39m
[[90m08:41:31[39m] Finished [36mcompile-extension:vscode-test-resolver[39m after [35m26780 ms[39m
[[90m08:41:31[39m] Finished [36mcompile-extension:simple-browser[39m after [35m27784 ms[39m
[[90m08:41:36[39m] Finished [36mcompile-extension:extension-editing[39m after [35m32996 ms[39m
[[90m08:41:36[39m] Finished [36mcompile-extension:json-language-features-client[39m after [35m32220 ms[39m
[[90m08:41:37[39m] Finished [36mcompile-extension:html-language-features-client[39m after [35m33914 ms[39m
[[90m08:41:37[39m] Finished [36mcompile-extension:configuration-editing[39m after [35m34213 ms[39m
[[90m08:41:37[39m] Finished [36mcompile-extension:json-language-features-server[39m after [35m33912 ms[39m
[[90m08:41:37[39m] Finished [36mcompile-extension:css-language-features-client[39m after [35m34138 ms[39m
[[90m08:41:37[39m] Finished [36mcompile-extension:php-language-features[39m after [35m26672 ms[39m
[[90m08:41:37[39m] Finished [36mcompile-extension:git-base[39m after [35m34080 ms[39m
[[90m08:41:37[39m] Finished [36mcompile-extension:merge-conflict[39m after [35m34671 ms[39m
[[90m08:41:37[39m] Finished [36mcompile-extension:typescript-language-features-web[39m after [35m33676 ms[39m
[[90m08:41:37[39m] Finished [36mcompile-extension:references-view[39m after [35m33622 ms[39m
[[90m08:41:42[39m] Finished [36mcompile-extension:media-preview[39m after [35m38031 ms[39m
[[90m08:41:42[39m] Finished [36mcompile-extension:npm[39m after [35m37985 ms[39m
[[90m08:41:42[39m] Finished [36mcompile-extension:notebook-renderers[39m after [35m38033 ms[39m
[[90m08:41:43[39m] Finished [36mcompile-extension:css-language-features-server[39m after [35m39434 ms[39m
[[90m08:41:44[39m] Finished [36mcompile-extension:vscode-selfhost-test-provider[39m after [35m41036 ms[39m
[[90m08:41:44[39m] Finished [36mcompile-extension:github[39m after [35m40588 ms[39m
[[90m08:41:46[39m] Finished [36mcompile-extension:ipynb[39m after [35m42968 ms[39m
[[90m08:41:48[39m] Finished [36mcompile-extension:github-authentication[39m after [35m37580 ms[39m
[[90m08:41:48[39m] Finished [36mcompile-extension:microsoft-authentication[39m after [35m37459 ms[39m
[[90m08:41:48[39m] Finished [36mcompile-extension:vscode-api-tests[39m after [35m44547 ms[39m
[[90m08:41:48[39m] Finished [36mcompile-extension:emmet[39m after [35m44940 ms[39m
[[90m08:41:48[39m] Finished [36mcompile-extension:html-language-features-server[39m after [35m33458 ms[39m
[[90m08:41:51[39m] Finished [36mcompile-extension:git[39m after [35m47601 ms[39m
[[90m08:41:51[39m] Finished [32mcompilation[39m[34m api-proposal-names[39m with 0 errors after [35m30515 ms[39m
[[90m08:41:51[39m] Finished [36mcompile-api-proposal-names[39m after [35m30518 ms[39m
[[90m08:41:51[39m] Starting [36mcompile-src[39m ...
[[90m08:42:00[39m] Starting [32mcompilation[39m...
[[90m08:42:03[39m] Finished [36mcompile-extension:markdown-language-features[39m after [35m52252 ms[39m
[[90m08:42:03[39m] Finished [36mcompile-extension:typescript-language-features[39m after [35m52353 ms[39m
[[90m08:42:03[39m] Finished [32mcompilation[39m[34m extensions[39m with 0 errors after [35m60603 ms[39m
[[90m08:42:03[39m] Finished [36mcompile-extension:terminal-suggest[39m after [35m51316 ms[39m
[[90m08:42:03[39m] Starting [36mcompile-extensions[39m ...
[[90m08:42:03[39m] Finished [36mcompile-extensions[39m after [35m0 ms[39m
