[07:04:18] Using gulpfile E:\Projects\GRID\gulpfile.js
[07:04:18] Starting 'compile'...
[[90m07:04:18[39m] Starting [36mmonaco-typecheck[39m ...
[[90m07:04:18[39m] Starting [36mclean-out[39m ...
[[90m07:04:18[39m] Starting [36mclean-extension-configuration-editing[39m ...
[[90m07:04:18[39m] Starting [36mclean-extension-css-language-features-client[39m ...
[[90m07:04:18[39m] Starting [36mclean-extension-css-language-features-server[39m ...
[[90m07:04:18[39m] Starting [36mclean-extension-debug-auto-launch[39m ...
[[90m07:04:18[39m] Starting [36mclean-extension-debug-server-ready[39m ...
[[90m07:04:18[39m] Starting [36mclean-extension-emmet[39m ...
[[90m07:04:18[39m] Starting [36mclean-extension-extension-editing[39m ...
[[90m07:04:18[39m] Starting [36mclean-extension-git[39m ...
[[90m07:04:18[39m] Starting [36mclean-extension-git-base[39m ...
[[90m07:04:18[39m] Starting [36mclean-extension-github[39m ...
[[90m07:04:18[39m] Starting [36mclean-extension-github-authentication[39m ...
[[90m07:04:18[39m] Starting [36mclean-extension-grunt[39m ...
[[90m07:04:18[39m] Starting [36mclean-extension-gulp[39m ...
[[90m07:04:18[39m] Starting [36mclean-extension-html-language-features-client[39m ...
[[90m07:04:18[39m] Starting [36mclean-extension-html-language-features-server[39m ...
[[90m07:04:18[39m] Starting [36mclean-extension-ipynb[39m ...
[[90m07:04:18[39m] Starting [36mclean-extension-jake[39m ...
[[90m07:04:18[39m] Starting [36mclean-extension-json-language-features-client[39m ...
[[90m07:04:18[39m] Starting [36mclean-extension-json-language-features-server[39m ...
[[90m07:04:18[39m] Starting [36mclean-extension-markdown-language-features[39m ...
[[90m07:04:18[39m] Starting [36mclean-extension-markdown-math[39m ...
[[90m07:04:18[39m] Starting [36mclean-extension-media-preview[39m ...
[[90m07:04:18[39m] Starting [36mclean-extension-merge-conflict[39m ...
[[90m07:04:18[39m] Starting [36mclean-extension-mermaid-chat-features[39m ...
[[90m07:04:18[39m] Starting [36mclean-extension-terminal-suggest[39m ...
[[90m07:04:18[39m] Starting [36mclean-extension-microsoft-authentication[39m ...
[[90m07:04:18[39m] Starting [36mclean-extension-notebook-renderers[39m ...
[[90m07:04:18[39m] Starting [36mclean-extension-npm[39m ...
[[90m07:04:18[39m] Starting [36mclean-extension-open-remote-ssh[39m ...
[[90m07:04:18[39m] Starting [36mclean-extension-php-language-features[39m ...
[[90m07:04:18[39m] Starting [36mclean-extension-references-view[39m ...
[[90m07:04:18[39m] Starting [36mclean-extension-search-result[39m ...
[[90m07:04:18[39m] Starting [36mclean-extension-simple-browser[39m ...
[[90m07:04:18[39m] Starting [36mclean-extension-tunnel-forwarding[39m ...
[[90m07:04:18[39m] Starting [36mclean-extension-typescript-language-features-web[39m ...
[[90m07:04:18[39m] Starting [36mclean-extension-typescript-language-features[39m ...
[[90m07:04:18[39m] Starting [36mclean-extension-vscode-api-tests[39m ...
[[90m07:04:18[39m] Starting [36mclean-extension-vscode-colorize-tests[39m ...
[[90m07:04:18[39m] Starting [36mclean-extension-vscode-colorize-perf-tests[39m ...
[[90m07:04:18[39m] Starting [36mclean-extension-vscode-test-resolver[39m ...
[[90m07:04:18[39m] Starting [36mclean-extension-vscode-selfhost-test-provider[39m ...
[[90m07:04:18[39m] Starting [36mclean-extension-vscode-selfhost-import-aid[39m ...
[[90m07:04:18[39m] Starting [36mclean-extension-grid-enterprise[39m ...
[[90m07:04:18[39m] Starting [36mcompile-extension-media[39m ...
[[90m07:04:18[39m] Finished [36mclean-extension-emmet[39m after [35m79 ms[39m
[[90m07:04:18[39m] Starting [36mcompile-extension:emmet[39m ...
[[90m07:04:19[39m] Starting [32mcompilation[39m[34m extensions[39m...
[[90m07:04:19[39m] Finished [36mclean-extension-extension-editing[39m after [35m223 ms[39m
[[90m07:04:19[39m] Starting [36mcompile-extension:extension-editing[39m ...
[[90m07:04:19[39m] Finished [36mclean-extension-git[39m after [35m249 ms[39m
[[90m07:04:19[39m] Starting [36mcompile-extension:git[39m ...
[[90m07:04:19[39m] Finished [36mclean-extension-github[39m after [35m337 ms[39m
[[90m07:04:19[39m] Starting [36mcompile-extension:github[39m ...
[[90m07:04:19[39m] Finished [36mclean-extension-github-authentication[39m after [35m373 ms[39m
[[90m07:04:19[39m] Starting [36mcompile-extension:github-authentication[39m ...
[[90m07:04:19[39m] Finished [36mclean-extension-html-language-features-client[39m after [35m415 ms[39m
[[90m07:04:19[39m] Starting [36mcompile-extension:html-language-features-client[39m ...
[[90m07:04:19[39m] Finished [36mclean-extension-ipynb[39m after [35m444 ms[39m
[[90m07:04:19[39m] Starting [36mcompile-extension:ipynb[39m ...
[[90m07:04:19[39m] Finished [36mclean-extension-markdown-language-features[39m after [35m474 ms[39m
[[90m07:04:19[39m] Starting [36mcompile-extension:markdown-language-features[39m ...
[[90m07:04:19[39m] Finished [36mclean-extension-media-preview[39m after [35m535 ms[39m
[[90m07:04:19[39m] Starting [36mcompile-extension:media-preview[39m ...
[[90m07:04:19[39m] Finished [36mclean-extension-merge-conflict[39m after [35m560 ms[39m
[[90m07:04:19[39m] Starting [36mcompile-extension:merge-conflict[39m ...
[[90m07:04:19[39m] Finished [36mclean-extension-mermaid-chat-features[39m after [35m585 ms[39m
[[90m07:04:19[39m] Starting [36mcompile-extension:mermaid-chat-features[39m ...
[[90m07:04:19[39m] Finished [36mclean-extension-microsoft-authentication[39m after [35m608 ms[39m
[[90m07:04:19[39m] Starting [36mcompile-extension:microsoft-authentication[39m ...
[[90m07:04:19[39m] Finished [36mclean-extension-notebook-renderers[39m after [35m660 ms[39m
[[90m07:04:19[39m] Starting [36mcompile-extension:notebook-renderers[39m ...
[[90m07:04:19[39m] Finished [36mclean-extension-npm[39m after [35m681 ms[39m
[[90m07:04:19[39m] Starting [36mcompile-extension:npm[39m ...
[[90m07:04:19[39m] Finished [36mclean-extension-php-language-features[39m after [35m707 ms[39m
[[90m07:04:19[39m] Starting [36mcompile-extension:php-language-features[39m ...
[[90m07:04:19[39m] Finished [36mclean-extension-search-result[39m after [35m732 ms[39m
[[90m07:04:19[39m] Starting [36mcompile-extension:search-result[39m ...
[[90m07:04:19[39m] Finished [36mclean-extension-simple-browser[39m after [35m750 ms[39m
[[90m07:04:19[39m] Starting [36mcompile-extension:simple-browser[39m ...
[[90m07:04:19[39m] Finished [36mclean-extension-tunnel-forwarding[39m after [35m770 ms[39m
[[90m07:04:19[39m] Starting [36mcompile-extension:tunnel-forwarding[39m ...
[[90m07:04:19[39m] Finished [36mclean-extension-typescript-language-features-web[39m after [35m783 ms[39m
[[90m07:04:19[39m] Starting [36mcompile-extension:typescript-language-features-web[39m ...
[[90m07:04:19[39m] Finished [36mclean-extension-typescript-language-features[39m after [35m797 ms[39m
[[90m07:04:19[39m] Starting [36mcompile-extension:typescript-language-features[39m ...
[[90m07:04:19[39m] Finished [36mclean-extension-vscode-api-tests[39m after [35m897 ms[39m
[[90m07:04:19[39m] Starting [36mcompile-extension:vscode-api-tests[39m ...
[[90m07:04:19[39m] Finished [36mclean-extension-vscode-colorize-tests[39m after [35m1004 ms[39m
[[90m07:04:19[39m] Starting [36mcompile-extension:vscode-colorize-tests[39m ...
[[90m07:04:19[39m] Finished [36mclean-extension-vscode-colorize-perf-tests[39m after [35m1020 ms[39m
[[90m07:04:19[39m] Starting [36mcompile-extension:vscode-colorize-perf-tests[39m ...
[[90m07:04:19[39m] Finished [36mclean-extension-vscode-test-resolver[39m after [35m1033 ms[39m
[[90m07:04:19[39m] Starting [36mcompile-extension:vscode-test-resolver[39m ...
[[90m07:04:19[39m] Finished [36mclean-extension-vscode-selfhost-test-provider[39m after [35m1048 ms[39m
[[90m07:04:19[39m] Starting [36mcompile-extension:vscode-selfhost-test-provider[39m ...
[[90m07:04:19[39m] Finished [36mmonaco-typecheck[39m after [35m1098 ms[39m
[[90m07:04:19[39m] Finished [36mclean-extension-configuration-editing[39m after [35m1080 ms[39m
[[90m07:04:19[39m] Starting [36mcompile-extension:configuration-editing[39m ...
[[90m07:04:19[39m] Finished [36mclean-extension-debug-auto-launch[39m after [35m1096 ms[39m
[[90m07:04:19[39m] Starting [36mcompile-extension:debug-auto-launch[39m ...
[[90m07:04:19[39m] Finished [36mclean-extension-debug-server-ready[39m after [35m1111 ms[39m
[[90m07:04:19[39m] Starting [36mcompile-extension:debug-server-ready[39m ...
[[90m07:04:19[39m] Finished [36mclean-extension-css-language-features-client[39m after [35m1127 ms[39m
[[90m07:04:19[39m] Starting [36mcompile-extension:css-language-features-client[39m ...
[[90m07:04:19[39m] Finished [36mclean-extension-css-language-features-server[39m after [35m1145 ms[39m
[[90m07:04:19[39m] Starting [36mcompile-extension:css-language-features-server[39m ...
[[90m07:04:20[39m] Finished [36mclean-extension-git-base[39m after [35m1161 ms[39m
[[90m07:04:20[39m] Starting [36mcompile-extension:git-base[39m ...
[[90m07:04:20[39m] Finished [36mclean-extension-grunt[39m after [35m1176 ms[39m
[[90m07:04:20[39m] Starting [36mcompile-extension:grunt[39m ...
[[90m07:04:20[39m] Finished [36mclean-extension-gulp[39m after [35m1188 ms[39m
[[90m07:04:20[39m] Starting [36mcompile-extension:gulp[39m ...
[[90m07:04:20[39m] Finished [36mclean-extension-json-language-features-client[39m after [35m1201 ms[39m
[[90m07:04:20[39m] Starting [36mcompile-extension:json-language-features-client[39m ...
[[90m07:04:20[39m] Finished [36mclean-extension-jake[39m after [35m1223 ms[39m
[[90m07:04:20[39m] Starting [36mcompile-extension:jake[39m ...
[[90m07:04:20[39m] Finished [36mclean-extension-json-language-features-server[39m after [35m1237 ms[39m
[[90m07:04:20[39m] Starting [36mcompile-extension:json-language-features-server[39m ...
[[90m07:04:20[39m] Finished [36mclean-extension-markdown-math[39m after [35m1257 ms[39m
[[90m07:04:20[39m] Starting [36mcompile-extension:markdown-math[39m ...
[[90m07:04:20[39m] Finished [36mclean-extension-open-remote-ssh[39m after [35m1272 ms[39m
[[90m07:04:20[39m] Starting [36mcompile-extension:open-remote-ssh[39m ...
[[90m07:04:20[39m] Finished [36mclean-extension-references-view[39m after [35m1285 ms[39m
[[90m07:04:20[39m] Starting [36mcompile-extension:references-view[39m ...
[[90m07:04:20[39m] Finished [36mclean-extension-grid-enterprise[39m after [35m1310 ms[39m
[[90m07:04:20[39m] Starting [36mcompile-extension:grid-enterprise[39m ...
[[90m07:04:20[39m] Finished [36mclean-extension-vscode-selfhost-import-aid[39m after [35m1328 ms[39m
[[90m07:04:20[39m] Starting [36mcompile-extension:vscode-selfhost-import-aid[39m ...
[[90m07:04:20[39m] Finished [32mesbuilding extension media[39m E:\Projects\GRID\extensions\mermaid-chat-features\esbuild-chat-webview.mjs with 0 errors.
[[90m07:04:20[39m] Finished [32mesbuilding extension media[39m E:\Projects\GRID\extensions\markdown-math\esbuild.mjs with 0 errors.
[[90m07:04:20[39m] Finished [32mesbuilding extension media[39m E:\Projects\GRID\extensions\simple-browser\esbuild-preview.mjs with 0 errors.
[[90m07:04:20[39m] Finished [32mesbuilding extension media[39m E:\Projects\GRID\extensions\markdown-language-features\esbuild-notebook.mjs with 0 errors.
[[90m07:04:20[39m] Finished [32mesbuilding extension media[39m E:\Projects\GRID\extensions\notebook-renderers\esbuild.mjs with 0 errors.
[[90m07:04:20[39m] Finished [32mesbuilding extension media[39m E:\Projects\GRID\extensions\markdown-language-features\esbuild-preview.mjs with 0 errors.
[[90m07:04:20[39m] Finished [32mesbuilding extension media[39m E:\Projects\GRID\extensions\ipynb\esbuild.mjs with 0 errors.
[[90m07:04:20[39m] Finished [36mcompile-extension-media[39m after [35m1350 ms[39m
[[90m07:04:24[39m] [31mError[39m: E:/Projects/GRID/extensions/open-remote-ssh/src/extension.ts(7,23): Cannot find module 'path' or its corresponding type declarations.
[[90m07:04:24[39m] [31mError[39m: E:/Projects/GRID/extensions/open-remote-ssh/src/extension.ts(8,21): Cannot find module 'os' or its corresponding type declarations.
[[90m07:04:24[39m] [31mError[39m: E:/Projects/GRID/extensions/open-remote-ssh/src/extension.ts(9,21): Cannot find module 'fs' or its corresponding type declarations.
[[90m07:04:24[39m] Finished [32mcompilation[39m[34m extensions[39m with 3 errors after [35m5953 ms[39m
node : [07:04:24] 'compile' errored after 6.13 s
At line:1 char:1
+ node --max-old-space-size=12288 node_modules/gulp/bin/gulp.js 
compile ...
+ ~~~~~~~~~~~~~~~~~~~~~~~~~~~~~~~~~~~~~~~~~~~~~~~~~~~~~~~~~~~~~~~~
~~~~~
    + CategoryInfo          : NotSpecified: ([07:04:24] 'com...ed 
    after 6.13 s:String) [], RemoteException
    + FullyQualifiedErrorId : NativeCommandError
 
[07:04:24] Error: Found 3 errors
    at Stream.<anonymous> 
(E:\Projects\GRID\build\lib\reporter.js:97:29)
    at _end (E:\Projects\GRID\node_modules\through\index.js:65:9)
    at stream.end 
(E:\Projects\GRID\node_modules\through\index.js:74:5)
    at Duplex.onend (E:\Projects\GRID\node_modules\streamfilter\no
de_modules\readable-stream\lib\_stream_readable.js:577:10)
    at Object.onceWrapper (node:events:632:28)
    at Duplex.emit (node:events:530:35)
    at Duplex.emit (node:domain:552:15)
    at endReadableNT (E:\Projects\GRID\node_modules\streamfilter\n
ode_modules\readable-stream\lib\_stream_readable.js:1010:12)
    at processTicksAndRejections 
(node:internal/process/task_queues:90:21)
    at runNextTicks (node:internal/process/task_queues:69:3)
